  1  ; a program to add three numbers using memory variable
  2   [org 0x0100]
  3                                  
  4 00000000 A1[1700]  mov  ax, [num1]         
                                      ; load first number in ax
  5    ; mov  [num1], [num2]     ; illegal
  6    00000003 8B1E[1900]         mov  bx, [num2]
  7    00000007 01D8               add  ax, bx
  8    00000009 8B1E[1B00]         mov  bx, [num3]
  9    0000000D 01D8               add  ax, bx
  10   0000000F A3[1D00]           mov  [num4], ax
  11   00000012 B8004C             mov  ax, 0x4c00
  12   00000015 CD21               int  0x21
  13                                  
  14                                  
  15  00000017 0500                num1: dw   5
  16  00000019 0A00                num2: dw   10
  17  0000001B 0F00                num3: dw   15
  18  0000001D 0000                num4: dw   0
  19                                  
  20                                  
  21     ; watch the listing carefully 
